
> abc@0.0.0 build
> docusaurus build

[INFO] [en] Creating an optimized production build...
[90m[[90mwebpackbar[90m][39m [36mℹ[39m Compiling Client
[90m[[90mwebpackbar[90m][39m [36mℹ[39m Compiling Server
[90m[[90mwebpackbar[90m][39m [32m✔[39m Server: Compiled successfully in 3.09s
[90m[[90mwebpackbar[90m][39m [32m✔[39m Client: Compiled successfully in 7.43s
[WARNING] Docusaurus found broken links!

Please check the pages of your site in the list below, and make sure you don't reference any path that does not exist.
Note: it's possible to ignore broken links with the 'onBrokenLinks' Docusaurus configuration, and let the build pass.

Exhaustive list of all broken links found:
- Broken link on source page path = /docs/modules/module-1-ros2:
   -> linking to ../../setup-guides/setup-guides-index (resolved as: /setup-guides/setup-guides-index)

[SUCCESS] Generated static files in "build".
[INFO] Use `npm run serve` command to test your build locally.
